


ARM Macro Assembler    Page 1 


    1 00000000                 AREA             RESET, DATA, READONLY
    2 00000000                 EXPORT           __Vectors
    3 00000000         __Vectors
    4 00000000 10001800        DCD              0x10001800  ; Dirección de inic
                                                            io del stack
    5 00000004 00000000        DCD              Reset_Handler ; Vector de reset
                                                            
    6 00000008         
    7 00000008                 ALIGN
    8 00000008                 AREA             MI_PROGRAMA, CODE, READONLY
    9 00000000                 EXPORT           Reset_Handler
   10 00000000         Reset_Handler
   11 00000000 4809            LDR              R0, =0x10000000
   12 00000002 8801            LDRH             R1,[R0]     ; CARGAMOS #DATOS(1
                                                            º Y 2º)
   13 00000004 3002            ADDS             R0,#2
   14 00000006 7802            LDRB             R2,[R0]     ; CARGAMOS EL RESUL
                                                            TADO DE LA XOR
   15 00000008 2300            MOVS             R3,#0
   16 0000000A 2400            MOVS             R4,#0
   17 0000000C         
   18 0000000C         load_data
   19 0000000C 428B            CMP              R3,R1
   20 0000000E D204            BHS              end_load
   21 00000010 3001            ADDS             R0,#1
   22 00000012 7805            LDRB             R5,[R0]
   23 00000014 406C            EORS             R4,R5
   24 00000016 3301            ADDS             R3,#1
   25 00000018 E7F8            B                load_data
   26 0000001A         
   27 0000001A         
   28 0000001A         
   29 0000001A         
   30 0000001A         end_load
   31 0000001A 4294            CMP              R4,R2
   32 0000001C D001            BEQ              if_noerror
   33 0000001E 4803            LDR              R0,  =0xFFFFFFFF
   34 00000020 E000            B                forever
   35 00000022         if_noerror
   36 00000022 4803            LDR              R0,  =0x00000000
   37 00000024         
   38 00000024         forever
   39 00000024 E7FE            B                forever
   40 00000026         
   41 00000026                 END
              00 00 10000000 
              FFFFFFFF 
              00000000 
Command Line: --debug --xref --diag_suppress=9931 --cpu=Cortex-M0 --apcs=interw
ork --depend=.\build\asm.d -o.\build\asm.o --predefine="__EVAL SETA 1" --predef
ine="__UVISION_VERSION SETA 524" --list=.\listings\asm.lst asm.s



ARM Macro Assembler    Page 1 Alphabetic symbol ordering
Relocatable symbols

RESET 00000000

Symbol: RESET
   Definitions
      At line 1 in file asm.s
   Uses
      None
Comment: RESET unused
__Vectors 00000000

Symbol: __Vectors
   Definitions
      At line 3 in file asm.s
   Uses
      At line 2 in file asm.s
Comment: __Vectors used once
2 symbols



ARM Macro Assembler    Page 1 Alphabetic symbol ordering
Relocatable symbols

MI_PROGRAMA 00000000

Symbol: MI_PROGRAMA
   Definitions
      At line 8 in file asm.s
   Uses
      None
Comment: MI_PROGRAMA unused
Reset_Handler 00000000

Symbol: Reset_Handler
   Definitions
      At line 10 in file asm.s
   Uses
      At line 5 in file asm.s
      At line 9 in file asm.s

end_load 0000001A

Symbol: end_load
   Definitions
      At line 30 in file asm.s
   Uses
      At line 20 in file asm.s
Comment: end_load used once
forever 00000024

Symbol: forever
   Definitions
      At line 38 in file asm.s
   Uses
      At line 34 in file asm.s
      At line 39 in file asm.s

if_noerror 00000022

Symbol: if_noerror
   Definitions
      At line 35 in file asm.s
   Uses
      At line 32 in file asm.s
Comment: if_noerror used once
load_data 0000000C

Symbol: load_data
   Definitions
      At line 18 in file asm.s
   Uses
      At line 25 in file asm.s
Comment: load_data used once
6 symbols
342 symbols in table
